   >> globalify() invoked
   >> __pando__replace_load_int32() invoked
   >> check_if_global() invoked
   >> deglobalify() invoked
   >> globalify() invoked
   >> __pando__replace_load_float32() invoked
   >> check_if_global() invoked
   >> deglobalify() invoked
   >> globalify() invoked
   >> __pando__replace_load_int8() invoked
   >> check_if_global() invoked
   >> deglobalify() invoked
   >> globalify() invoked
   >> deglobalify() invoked
global_a: 5, global_b: 3.14, global_c: X
   >> globalify() invoked
   >> __pando__replace_load_int32() invoked
   >> check_if_global() invoked
   >> deglobalify() invoked
   >> globalify() invoked
   >> __pando__replace_store_int32() invoked
   >> check_if_global() invoked
   >> deglobalify() invoked
   >> globalify() invoked
   >> __pando__replace_load_float32() invoked
   >> check_if_global() invoked
   >> deglobalify() invoked
   >> globalify() invoked
   >> __pando__replace_store_float32() invoked
   >> check_if_global() invoked
   >> deglobalify() invoked
   >> globalify() invoked
   >> __pando__replace_store_int8() invoked
   >> check_if_global() invoked
   >> deglobalify() invoked
   >> globalify() invoked
   >> deglobalify() invoked
global_a: 10, global_b: 4.14, global_c: Y
