   >> globalify() invoked
   >> globalify() invoked
   >> globalify() invoked
   >> __pando__replace_load_int32() invoked
   >> check_if_global() invoked
   >> deglobalify() invoked
   >> globalify() invoked
   >> __pando__replace_load_int32() invoked
   >> check_if_global() invoked
   >> deglobalify() invoked
   >> globalify() invoked
   >> deglobalify() invoked
Initial values: global_a = 10, global_b = 20
   >> globalify() invoked
   >> __pando__replace_load_ptr() invoked
   >> check_if_global() invoked
   >> deglobalify() invoked
   >> __pando__replace_load_int32() invoked
   >> check_if_global() invoked
   >> deglobalify() invoked
   >> globalify() invoked
   >> __pando__replace_load_ptr() invoked
   >> check_if_global() invoked
   >> deglobalify() invoked
   >> __pando__replace_load_int32() invoked
   >> check_if_global() invoked
   >> deglobalify() invoked
   >> globalify() invoked
   >> deglobalify() invoked
Initial pointer values: *global_ptr_a = 10, *global_ptr_b = 20
   >> globalify() invoked
   >> __pando__replace_load_ptr() invoked
   >> check_if_global() invoked
   >> deglobalify() invoked
   >> __pando__replace_load_int32() invoked
   >> check_if_global() invoked
   >> deglobalify() invoked
   >> __pando__replace_store_int32() invoked
   >> check_if_global() invoked
   >> deglobalify() invoked
   >> globalify() invoked
   >> __pando__replace_load_ptr() invoked
   >> check_if_global() invoked
   >> deglobalify() invoked
   >> __pando__replace_load_int32() invoked
   >> check_if_global() invoked
   >> deglobalify() invoked
   >> __pando__replace_store_int32() invoked
   >> check_if_global() invoked
   >> deglobalify() invoked
   >> globalify() invoked
   >> __pando__replace_load_int32() invoked
   >> check_if_global() invoked
   >> deglobalify() invoked
   >> globalify() invoked
   >> __pando__replace_load_int32() invoked
   >> check_if_global() invoked
   >> deglobalify() invoked
   >> globalify() invoked
   >> deglobalify() invoked
After modification: global_a = 15, global_b = 40
   >> globalify() invoked
   >> __pando__replace_load_ptr() invoked
   >> check_if_global() invoked
   >> deglobalify() invoked
   >> globalify() invoked
   >> __pando__replace_load_ptr() invoked
   >> check_if_global() invoked
   >> deglobalify() invoked
   >> globalify() invoked
   >> __pando__replace_store_ptr() invoked
   >> check_if_global() invoked
   >> deglobalify() invoked
   >> globalify() invoked
   >> __pando__replace_store_ptr() invoked
   >> check_if_global() invoked
   >> deglobalify() invoked
   >> __pando__replace_load_int32() invoked
   >> check_if_global() invoked
   >> deglobalify() invoked
   >> __pando__replace_load_int32() invoked
   >> check_if_global() invoked
   >> deglobalify() invoked
   >> globalify() invoked
   >> deglobalify() invoked
After swapping pointers: *global_ptr_a = 40, *global_ptr_b = 15
   >> globalify() invoked
   >> __pando__replace_load_ptr() invoked
   >> check_if_global() invoked
   >> deglobalify() invoked
   >> __pando__replace_load_int32() invoked
   >> check_if_global() invoked
   >> deglobalify() invoked
   >> __pando__replace_store_int32() invoked
   >> check_if_global() invoked
   >> deglobalify() invoked
   >> globalify() invoked
   >> __pando__replace_load_ptr() invoked
   >> check_if_global() invoked
   >> deglobalify() invoked
   >> __pando__replace_load_int32() invoked
   >> check_if_global() invoked
   >> deglobalify() invoked
   >> __pando__replace_store_int32() invoked
   >> check_if_global() invoked
   >> deglobalify() invoked
   >> globalify() invoked
   >> __pando__replace_load_int32() invoked
   >> check_if_global() invoked
   >> deglobalify() invoked
   >> globalify() invoked
   >> __pando__replace_load_int32() invoked
   >> check_if_global() invoked
   >> deglobalify() invoked
   >> globalify() invoked
   >> deglobalify() invoked
Final values: global_a = 30, global_b = 45
